TAP version 13
ok 1 - Icecave\Collections\AssociativeKeyGeneratorTest::testBoolean
ok 2 - Icecave\Collections\AssociativeKeyGeneratorTest::testInteger
ok 3 - Icecave\Collections\AssociativeKeyGeneratorTest::testDouble
ok 4 - Icecave\Collections\AssociativeKeyGeneratorTest::testString
ok 5 - Icecave\Collections\AssociativeKeyGeneratorTest::testResource
ok 6 - Icecave\Collections\AssociativeKeyGeneratorTest::testNull
ok 7 - Icecave\Collections\AssociativeKeyGeneratorTest::testObject
ok 8 - Icecave\Collections\AssociativeKeyGeneratorTest::testArray
ok 9 - Icecave\Collections\AssociativeKeyGeneratorTest::testEmptyArray
ok 10 - Icecave\Collections\AssociativeKeyGeneratorTest::testArrayInternalImplementation
ok 11 - Icecave\Collections\AssociativeKeyGeneratorTest::testArrayInternalImplementationWithAssociativeArray
ok 12 - Icecave\Collections\AssociativeKeyGeneratorTest::testInvoke
ok 13 - Icecave\Collections\AssociativeKeyGeneratorTest::testAlternativeImplementations
ok 14 - Icecave\Collections\Exception\DuplicateKeyExceptionTest::testException
ok 15 - Icecave\Collections\Exception\EmptyCollectionExceptionTest::testException
ok 16 - Icecave\Collections\Exception\IndexExceptionTest::testException
ok 17 - Icecave\Collections\Exception\UnknownKeyExceptionTest::testException
ok 18 - Icecave\Collections\Iterator\AssociativeIteratorTest::testIteration
ok 19 - Icecave\Collections\Iterator\AssociativeIteratorTest::testCollection
ok 20 - Icecave\Collections\Iterator\RandomAccessIteratorTest::testIteration
ok 21 - Icecave\Collections\Iterator\RandomAccessIteratorTest::testCollection
ok 22 - Icecave\Collections\LinkedListTest::testConstructor
ok 23 - Icecave\Collections\LinkedListTest::testConstructorWithArray
ok 24 - Icecave\Collections\LinkedListTest::testClone
ok 25 - Icecave\Collections\LinkedListTest::testSerialization
ok 26 - Icecave\Collections\LinkedListTest::testSize
ok 27 - Icecave\Collections\LinkedListTest::testIsEmpty
ok 28 - Icecave\Collections\LinkedListTest::testToString
ok 29 - Icecave\Collections\LinkedListTest::testClear
ok 30 - Icecave\Collections\LinkedListTest::testElements
ok 31 - Icecave\Collections\LinkedListTest::testContains
ok 32 - Icecave\Collections\LinkedListTest::testFiltered
ok 33 - Icecave\Collections\LinkedListTest::testFilteredWithPredicate
ok 34 - Icecave\Collections\LinkedListTest::testMap
ok 35 - Icecave\Collections\LinkedListTest::testFilter
ok 36 - Icecave\Collections\LinkedListTest::testFilterWithPredicate
ok 37 - Icecave\Collections\LinkedListTest::testApply
ok 38 - Icecave\Collections\LinkedListTest::testFront
ok 39 - Icecave\Collections\LinkedListTest::testFrontWithEmptyCollection
ok 40 - Icecave\Collections\LinkedListTest::testTryFront
ok 41 - Icecave\Collections\LinkedListTest::testTryFrontWithEmptyCollection
ok 42 - Icecave\Collections\LinkedListTest::testBack
ok 43 - Icecave\Collections\LinkedListTest::testBackWithEmptyCollection
ok 44 - Icecave\Collections\LinkedListTest::testTryBack
ok 45 - Icecave\Collections\LinkedListTest::testTryBackWithEmptyCollection
ok 46 - Icecave\Collections\LinkedListTest::testSorted
ok 47 - Icecave\Collections\LinkedListTest::testSortedWithComparator
ok 48 - Icecave\Collections\LinkedListTest::testReversed
ok 49 - Icecave\Collections\LinkedListTest::testJoin
ok 50 - Icecave\Collections\LinkedListTest::testSort
ok 51 - Icecave\Collections\LinkedListTest::testSortWithComparator
ok 52 - Icecave\Collections\LinkedListTest::testSortWithEmptyCollection
ok 53 - Icecave\Collections\LinkedListTest::testSortWithSingleElement
ok 54 - Icecave\Collections\LinkedListTest::testReverse
ok 55 - Icecave\Collections\LinkedListTest::testAppend
ok 56 - Icecave\Collections\LinkedListTest::testPushFront
ok 57 - Icecave\Collections\LinkedListTest::testPopFront
ok 58 - Icecave\Collections\LinkedListTest::testPopFrontLastElement
ok 59 - Icecave\Collections\LinkedListTest::testPopFrontWithEmptyCollection
ok 60 - Icecave\Collections\LinkedListTest::testTryPopFront
ok 61 - Icecave\Collections\LinkedListTest::testTryPopFrontWithEmptyCollection
ok 62 - Icecave\Collections\LinkedListTest::testPushBack
ok 63 - Icecave\Collections\LinkedListTest::testPopBack
ok 64 - Icecave\Collections\LinkedListTest::testPopBackLastElement
ok 65 - Icecave\Collections\LinkedListTest::testPopBackWithEmptyCollection
ok 66 - Icecave\Collections\LinkedListTest::testTryPopBack
ok 67 - Icecave\Collections\LinkedListTest::testTryPopBackWithEmptyCollection
ok 68 - Icecave\Collections\LinkedListTest::testResize
ok 69 - Icecave\Collections\LinkedListTest::testResizeWithValue
ok 70 - Icecave\Collections\LinkedListTest::testResizeToSmallerSize
ok 71 - Icecave\Collections\LinkedListTest::testGet
ok 72 - Icecave\Collections\LinkedListTest::testGetWithNegativeIndex
ok 73 - Icecave\Collections\LinkedListTest::testGetWithInvalidIndex
ok 74 - Icecave\Collections\LinkedListTest::testSlice
ok 75 - Icecave\Collections\LinkedListTest::testSliceWithCount
ok 76 - Icecave\Collections\LinkedListTest::testSliceWithNegativeCount
ok 77 - Icecave\Collections\LinkedListTest::testSliceWithNegativeIndex
ok 78 - Icecave\Collections\LinkedListTest::testSliceWithNegativeIndexAndCount
ok 79 - Icecave\Collections\LinkedListTest::testRange
ok 80 - Icecave\Collections\LinkedListTest::testRangeWithNegativeIndices
ok 81 - Icecave\Collections\LinkedListTest::testRangeWithEndBeforeBegin
ok 82 - Icecave\Collections\LinkedListTest::testIndexOf
ok 83 - Icecave\Collections\LinkedListTest::testIndexOfWithStartIndex
ok 84 - Icecave\Collections\LinkedListTest::testIndexOfWithNoMatch
ok 85 - Icecave\Collections\LinkedListTest::testIndexOfLast
ok 86 - Icecave\Collections\LinkedListTest::testIndexOfLastWithStartIndex
ok 87 - Icecave\Collections\LinkedListTest::testIndexOfLastWithNoMatch
ok 88 - Icecave\Collections\LinkedListTest::testFind
ok 89 - Icecave\Collections\LinkedListTest::testFindLast
ok 90 - Icecave\Collections\LinkedListTest::testSet
ok 91 - Icecave\Collections\LinkedListTest::testSetWithNegativeIndex
ok 92 - Icecave\Collections\LinkedListTest::testSetWithInvalidIndex
ok 93 - Icecave\Collections\LinkedListTest::testInsert
ok 94 - Icecave\Collections\LinkedListTest::testInsertWithNegativeIndex
ok 95 - Icecave\Collections\LinkedListTest::testInsertAtEnd
ok 96 - Icecave\Collections\LinkedListTest::testInsertWithInvalidIndex
ok 97 - Icecave\Collections\LinkedListTest::testInsertMany
ok 98 - Icecave\Collections\LinkedListTest::testInsertManyAtBegin
ok 99 - Icecave\Collections\LinkedListTest::testInsertManyAtEnd
ok 100 - Icecave\Collections\LinkedListTest::testInsertManyWithEmptyElements
ok 101 - Icecave\Collections\LinkedListTest::testInsertManyWithNegativeIndex
ok 102 - Icecave\Collections\LinkedListTest::testInsertManyWithInvalidIndex
ok 103 - Icecave\Collections\LinkedListTest::testRemove
ok 104 - Icecave\Collections\LinkedListTest::testRemoveWithNegativeIndex
ok 105 - Icecave\Collections\LinkedListTest::testRemoveWithInvalidIndex
ok 106 - Icecave\Collections\LinkedListTest::testRemoveMany
ok 107 - Icecave\Collections\LinkedListTest::testRemoveManyEverything
ok 108 - Icecave\Collections\LinkedListTest::testRemoveManyWithCount
ok 109 - Icecave\Collections\LinkedListTest::testRemoveManyWithCountToEnd
ok 110 - Icecave\Collections\LinkedListTest::testRemoveManyWithNegativeIndex
ok 111 - Icecave\Collections\LinkedListTest::testRemoveManyWithInvalidIndex
ok 112 - Icecave\Collections\LinkedListTest::testRemoveRange
ok 113 - Icecave\Collections\LinkedListTest::testRemoveRangeToEnd
ok 114 - Icecave\Collections\LinkedListTest::testRemoveRangeWithNegativeIndex
ok 115 - Icecave\Collections\LinkedListTest::testRemoveRangeWithEndBeforeBegin
ok 116 - Icecave\Collections\LinkedListTest::testRemoveRangeWithInvalidIndex
ok 117 - Icecave\Collections\LinkedListTest::testReplace
ok 118 - Icecave\Collections\LinkedListTest::testReplaceWithCount
ok 119 - Icecave\Collections\LinkedListTest::testReplaceWithNegativeIndex
ok 120 - Icecave\Collections\LinkedListTest::testReplaceWithInvalidIndex
ok 121 - Icecave\Collections\LinkedListTest::testReplaceRange
ok 122 - Icecave\Collections\LinkedListTest::testReplaceRangeWithNegativeIndices
ok 123 - Icecave\Collections\LinkedListTest::testReplaceRangeWithZeroLength
ok 124 - Icecave\Collections\LinkedListTest::testReplaceRangeWithEndBeforeBegin
ok 125 - Icecave\Collections\LinkedListTest::testReplaceRangeWithInvalidIndex
ok 126 - Icecave\Collections\LinkedListTest::testSwap
ok 127 - Icecave\Collections\LinkedListTest::testSwapWithNegativeIndices
ok 128 - Icecave\Collections\LinkedListTest::testSwapWithInvalidIndex1
ok 129 - Icecave\Collections\LinkedListTest::testSwapWithInvalidIndex2
ok 130 - Icecave\Collections\LinkedListTest::testTrySwap
ok 131 - Icecave\Collections\LinkedListTest::testTrySwapWithNegativeIndices
ok 132 - Icecave\Collections\LinkedListTest::testTrySwapWithInvalidIndex1
ok 133 - Icecave\Collections\LinkedListTest::testTrySwapWithInvalidIndex2
ok 134 - Icecave\Collections\LinkedListTest::testCount
ok 135 - Icecave\Collections\LinkedListTest::testIteration
ok 136 - Icecave\Collections\MapTest::testConstructor
ok 137 - Icecave\Collections\MapTest::testConstructorWithArray
ok 138 - Icecave\Collections\MapTest::testClone
ok 139 - Icecave\Collections\MapTest::testSerialization
ok 140 - Icecave\Collections\MapTest::testSerializationOfHashFunction
ok 141 - Icecave\Collections\MapTest::testSize
ok 142 - Icecave\Collections\MapTest::testIsEmpty
ok 143 - Icecave\Collections\MapTest::testToString
ok 144 - Icecave\Collections\MapTest::testClear
ok 145 - Icecave\Collections\MapTest::testElements
ok 146 - Icecave\Collections\MapTest::testContains
ok 147 - Icecave\Collections\MapTest::testFiltered
ok 148 - Icecave\Collections\MapTest::testFilteredWithPredicate
ok 149 - Icecave\Collections\MapTest::testMap
ok 150 - Icecave\Collections\MapTest::testFilter
ok 151 - Icecave\Collections\MapTest::testFilterWithPredicate
ok 152 - Icecave\Collections\MapTest::testApply
ok 153 - Icecave\Collections\MapTest::testHasKey
ok 154 - Icecave\Collections\MapTest::testGet
ok 155 - Icecave\Collections\MapTest::testGetFailure
ok 156 - Icecave\Collections\MapTest::testTryGet
ok 157 - Icecave\Collections\MapTest::testGetWithDefault
ok 158 - Icecave\Collections\MapTest::testCascade
ok 159 - Icecave\Collections\MapTest::testCascadeFailure
ok 160 - Icecave\Collections\MapTest::testCascadeWithDefault
ok 161 - Icecave\Collections\MapTest::testCascadeIterable
ok 162 - Icecave\Collections\MapTest::testCascadeIterableWithDefault
ok 163 - Icecave\Collections\MapTest::testKeys
ok 164 - Icecave\Collections\MapTest::testValues
ok 165 - Icecave\Collections\MapTest::testCombine
ok 166 - Icecave\Collections\MapTest::testProject
ok 167 - Icecave\Collections\MapTest::testProjectIterable
ok 168 - Icecave\Collections\MapTest::testSet
ok 169 - Icecave\Collections\MapTest::testAdd
ok 170 - Icecave\Collections\MapTest::testAddFailure
ok 171 - Icecave\Collections\MapTest::testTryAdd
ok 172 - Icecave\Collections\MapTest::testReplace
ok 173 - Icecave\Collections\MapTest::testReplaceFailure
ok 174 - Icecave\Collections\MapTest::testTryReplace
ok 175 - Icecave\Collections\MapTest::testTryReplaceFailure
ok 176 - Icecave\Collections\MapTest::testRemove
ok 177 - Icecave\Collections\MapTest::testRemoveFailure
ok 178 - Icecave\Collections\MapTest::testTryRemove
ok 179 - Icecave\Collections\MapTest::testMerge
ok 180 - Icecave\Collections\MapTest::testSwap
ok 181 - Icecave\Collections\MapTest::testSwapFailureWithUnknownSource
ok 182 - Icecave\Collections\MapTest::testSwapFailureWithUnknownTarget
ok 183 - Icecave\Collections\MapTest::testTrySwap
ok 184 - Icecave\Collections\MapTest::testTrySwapFailureWithUnknownSource
ok 185 - Icecave\Collections\MapTest::testTrySwapFailureWithUnknownTarget
ok 186 - Icecave\Collections\MapTest::testMove
ok 187 - Icecave\Collections\MapTest::testMoveFailure
ok 188 - Icecave\Collections\MapTest::testTryMove
ok 189 - Icecave\Collections\MapTest::testTryMoveFailure
ok 190 - Icecave\Collections\MapTest::testRename
ok 191 - Icecave\Collections\MapTest::testRenameFailureWithUnknownSource
ok 192 - Icecave\Collections\MapTest::testRenameFailureWithDuplicateTarget
ok 193 - Icecave\Collections\MapTest::testTryRename
ok 194 - Icecave\Collections\MapTest::testTryRenameFailureWithUnknownSource
ok 195 - Icecave\Collections\MapTest::testTryRenameFailureWithDuplicateTarget
ok 196 - Icecave\Collections\MapTest::testCount
ok 197 - Icecave\Collections\MapTest::testIteration
ok 198 - Icecave\Collections\MapTest::testOffsetExists
ok 199 - Icecave\Collections\MapTest::testOffsetGet
ok 200 - Icecave\Collections\MapTest::testOffsetGetFailure
ok 201 - Icecave\Collections\MapTest::testOffsetSet
ok 202 - Icecave\Collections\MapTest::testOffsetUnset
ok 203 - Icecave\Collections\PriorityQueueTest::testConstructor
ok 204 - Icecave\Collections\PriorityQueueTest::testConstructorWithArray
ok 205 - Icecave\Collections\PriorityQueueTest::testSerialization
ok 206 - Icecave\Collections\PriorityQueueTest::testSize
ok 207 - Icecave\Collections\PriorityQueueTest::testIsEmpty
ok 208 - Icecave\Collections\PriorityQueueTest::testToString
ok 209 - Icecave\Collections\PriorityQueueTest::testClear
ok 210 - Icecave\Collections\PriorityQueueTest::testNext
ok 211 - Icecave\Collections\PriorityQueueTest::testNextWithEmptyCollection
ok 212 - Icecave\Collections\PriorityQueueTest::testTryNext
ok 213 - Icecave\Collections\PriorityQueueTest::testTryNextWithEmptyCollection
ok 214 - Icecave\Collections\PriorityQueueTest::testPop
ok 215 - Icecave\Collections\PriorityQueueTest::testPopWithEmptyCollection
ok 216 - Icecave\Collections\PriorityQueueTest::testTryPop
ok 217 - Icecave\Collections\PriorityQueueTest::testTryPopWithEmptyCollection
ok 218 - Icecave\Collections\PriorityQueueTest::testPush
ok 219 - Icecave\Collections\PriorityQueueTest::testPushWithExplicitPriority
ok 220 - Icecave\Collections\QueueTest::testConstructor
ok 221 - Icecave\Collections\QueueTest::testConstructorWithArray
ok 222 - Icecave\Collections\QueueTest::testClone
ok 223 - Icecave\Collections\QueueTest::testSerialization
ok 224 - Icecave\Collections\QueueTest::testSize
ok 225 - Icecave\Collections\QueueTest::testIsEmpty
ok 226 - Icecave\Collections\QueueTest::testToString
ok 227 - Icecave\Collections\QueueTest::testClear
ok 228 - Icecave\Collections\QueueTest::testNext
ok 229 - Icecave\Collections\QueueTest::testNextWithEmptyCollection
ok 230 - Icecave\Collections\QueueTest::testTryNext
ok 231 - Icecave\Collections\QueueTest::testTryNextWithEmptyCollection
ok 232 - Icecave\Collections\QueueTest::testPop
ok 233 - Icecave\Collections\QueueTest::testPopWithEmptyCollection
ok 234 - Icecave\Collections\QueueTest::testTryPop
ok 235 - Icecave\Collections\QueueTest::testTryPopWithEmptyCollection
ok 236 - Icecave\Collections\QueueTest::testCount
ok 237 - Icecave\Collections\SetTest::testConstructor
ok 238 - Icecave\Collections\SetTest::testConstructorWithArray
ok 239 - Icecave\Collections\SetTest::testClone
ok 240 - Icecave\Collections\SetTest::testSerialization
ok 241 - Icecave\Collections\SetTest::testSerializationOfHashFunction
ok 242 - Icecave\Collections\SetTest::testSize
ok 243 - Icecave\Collections\SetTest::testIsEmpty
ok 244 - Icecave\Collections\SetTest::testToString
ok 245 - Icecave\Collections\SetTest::testClear
ok 246 - Icecave\Collections\SetTest::testElements
ok 247 - Icecave\Collections\SetTest::testContains
ok 248 - Icecave\Collections\SetTest::testFiltered
ok 249 - Icecave\Collections\SetTest::testFilteredWithPredicate
ok 250 - Icecave\Collections\SetTest::testMap
ok 251 - Icecave\Collections\SetTest::testFilter
ok 252 - Icecave\Collections\SetTest::testFilterWithPredicate
ok 253 - Icecave\Collections\SetTest::testApply
ok 254 - Icecave\Collections\SetTest::testCount
ok 255 - Icecave\Collections\SetTest::testIteration
ok 256 - Icecave\Collections\SetTest::testCascade
ok 257 - Icecave\Collections\SetTest::testCascadeFailure
ok 258 - Icecave\Collections\SetTest::testCascadeWithDefault
ok 259 - Icecave\Collections\SetTest::testCascadeIterable
ok 260 - Icecave\Collections\SetTest::testCascadeIterableWithDefault
ok 261 - Icecave\Collections\SetTest::testAdd
ok 262 - Icecave\Collections\SetTest::testRemove
ok 263 - Icecave\Collections\SetTest::testIsEqual
ok 264 - Icecave\Collections\SetTest::testIsSuperset
ok 265 - Icecave\Collections\SetTest::testIsSubset
ok 266 - Icecave\Collections\SetTest::testIsStrictSuperset
ok 267 - Icecave\Collections\SetTest::testIsStrictSubset
ok 268 - Icecave\Collections\SetTest::testUnion
ok 269 - Icecave\Collections\SetTest::testUnionWithArray
ok 270 - Icecave\Collections\SetTest::testIntersect
ok 271 - Icecave\Collections\SetTest::testIntersectWithArray
ok 272 - Icecave\Collections\SetTest::testComplement
ok 273 - Icecave\Collections\SetTest::testComplementWithArray
ok 274 - Icecave\Collections\StackTest::testConstructor
ok 275 - Icecave\Collections\StackTest::testConstructorWithArray
ok 276 - Icecave\Collections\StackTest::testClone
ok 277 - Icecave\Collections\StackTest::testSerialization
ok 278 - Icecave\Collections\StackTest::testSize
ok 279 - Icecave\Collections\StackTest::testIsEmpty
ok 280 - Icecave\Collections\StackTest::testToString
ok 281 - Icecave\Collections\StackTest::testClear
ok 282 - Icecave\Collections\StackTest::testNext
ok 283 - Icecave\Collections\StackTest::testNextWithEmptyCollection
ok 284 - Icecave\Collections\StackTest::testTryNext
ok 285 - Icecave\Collections\StackTest::testTryNextWithEmptyCollection
ok 286 - Icecave\Collections\StackTest::testPop
ok 287 - Icecave\Collections\StackTest::testPopWithEmptyCollection
ok 288 - Icecave\Collections\StackTest::testTryPop
ok 289 - Icecave\Collections\StackTest::testTryPopWithEmptyCollection
ok 290 - Icecave\Collections\StackTest::testCount
ok 291 - Icecave\Collections\VectorTest::testConstructor
ok 292 - Icecave\Collections\VectorTest::testConstructorWithArray
ok 293 - Icecave\Collections\VectorTest::testClone
ok 294 - Icecave\Collections\VectorTest::testSerialization
ok 295 - Icecave\Collections\VectorTest::testSize
ok 296 - Icecave\Collections\VectorTest::testIsEmpty
ok 297 - Icecave\Collections\VectorTest::testToString
ok 298 - Icecave\Collections\VectorTest::testClear
ok 299 - Icecave\Collections\VectorTest::testElements
ok 300 - Icecave\Collections\VectorTest::testContains
ok 301 - Icecave\Collections\VectorTest::testFiltered
ok 302 - Icecave\Collections\VectorTest::testFilteredWithPredicate
ok 303 - Icecave\Collections\VectorTest::testMap
ok 304 - Icecave\Collections\VectorTest::testFilter
ok 305 - Icecave\Collections\VectorTest::testFilterWithPredicate
ok 306 - Icecave\Collections\VectorTest::testApply
ok 307 - Icecave\Collections\VectorTest::testFront
ok 308 - Icecave\Collections\VectorTest::testFrontWithEmptyCollection
ok 309 - Icecave\Collections\VectorTest::testTryFront
ok 310 - Icecave\Collections\VectorTest::testTryFrontWithEmptyCollection
ok 311 - Icecave\Collections\VectorTest::testBack
ok 312 - Icecave\Collections\VectorTest::testBackWithEmptyCollection
ok 313 - Icecave\Collections\VectorTest::testTryBack
ok 314 - Icecave\Collections\VectorTest::testTryBackWithEmptyCollection
ok 315 - Icecave\Collections\VectorTest::testSorted
ok 316 - Icecave\Collections\VectorTest::testSortedWithComparator
ok 317 - Icecave\Collections\VectorTest::testReversed
ok 318 - Icecave\Collections\VectorTest::testJoin
ok 319 - Icecave\Collections\VectorTest::testSort
ok 320 - Icecave\Collections\VectorTest::testSortWithComparator
ok 321 - Icecave\Collections\VectorTest::testSortWithEmptyCollection
ok 322 - Icecave\Collections\VectorTest::testSortWithSingleElement
ok 323 - Icecave\Collections\VectorTest::testReverse
ok 324 - Icecave\Collections\VectorTest::testAppend
ok 325 - Icecave\Collections\VectorTest::testPushFront
ok 326 - Icecave\Collections\VectorTest::testPopFront
ok 327 - Icecave\Collections\VectorTest::testPopFrontWithEmptyCollection
ok 328 - Icecave\Collections\VectorTest::testTryPopFront
ok 329 - Icecave\Collections\VectorTest::testTryPopFrontWithEmptyCollection
ok 330 - Icecave\Collections\VectorTest::testPushBack
ok 331 - Icecave\Collections\VectorTest::testPopBack
ok 332 - Icecave\Collections\VectorTest::testPopBackWithEmptyCollection
ok 333 - Icecave\Collections\VectorTest::testTryPopBack
ok 334 - Icecave\Collections\VectorTest::testTryPopBackWithEmptyCollection
ok 335 - Icecave\Collections\VectorTest::testResize
ok 336 - Icecave\Collections\VectorTest::testResizeWithValue
ok 337 - Icecave\Collections\VectorTest::testResizeToSmallerSize
ok 338 - Icecave\Collections\VectorTest::testGet
ok 339 - Icecave\Collections\VectorTest::testGetWithNegativeIndex
ok 340 - Icecave\Collections\VectorTest::testGetWithInvalidIndex
ok 341 - Icecave\Collections\VectorTest::testSlice
ok 342 - Icecave\Collections\VectorTest::testSliceWithCount
ok 343 - Icecave\Collections\VectorTest::testSliceWithCountOverflow
ok 344 - Icecave\Collections\VectorTest::testSliceWithNegativeCount
ok 345 - Icecave\Collections\VectorTest::testSliceWithNegativeIndex
ok 346 - Icecave\Collections\VectorTest::testSliceWithNegativeIndexAndCount
ok 347 - Icecave\Collections\VectorTest::testSliceWithInvalidIndex
ok 348 - Icecave\Collections\VectorTest::testRange
ok 349 - Icecave\Collections\VectorTest::testRangeWithNegativeIndices
ok 350 - Icecave\Collections\VectorTest::testRangeWithEndBeforeBegin
ok 351 - Icecave\Collections\VectorTest::testRangeWithInvalidBegin
ok 352 - Icecave\Collections\VectorTest::testRangeWithInvalidEnd
ok 353 - Icecave\Collections\VectorTest::testIndexOf
ok 354 - Icecave\Collections\VectorTest::testIndexOfWithStartIndex
ok 355 - Icecave\Collections\VectorTest::testIndexOfWithNoMatch
ok 356 - Icecave\Collections\VectorTest::testIndexOfLast
ok 357 - Icecave\Collections\VectorTest::testIndexOfLastWithStartIndex
ok 358 - Icecave\Collections\VectorTest::testIndexOfLastWithNoMatch
ok 359 - Icecave\Collections\VectorTest::testFind
ok 360 - Icecave\Collections\VectorTest::testFindLast
ok 361 - Icecave\Collections\VectorTest::testSet
ok 362 - Icecave\Collections\VectorTest::testSetWithNegativeIndex
ok 363 - Icecave\Collections\VectorTest::testSetWithInvalidIndex
ok 364 - Icecave\Collections\VectorTest::testInsert
ok 365 - Icecave\Collections\VectorTest::testInsertWithNegativeIndex
ok 366 - Icecave\Collections\VectorTest::testInsertAtEnd
ok 367 - Icecave\Collections\VectorTest::testInsertWithInvalidIndex
ok 368 - Icecave\Collections\VectorTest::testInsertMany
ok 369 - Icecave\Collections\VectorTest::testInsertManyAtEnd
ok 370 - Icecave\Collections\VectorTest::testInsertManyWithEmptyElements
ok 371 - Icecave\Collections\VectorTest::testInsertManyWithNegativeIndex
ok 372 - Icecave\Collections\VectorTest::testInsertManyWithInvalidIndex
ok 373 - Icecave\Collections\VectorTest::testRemove
ok 374 - Icecave\Collections\VectorTest::testRemoveWithNegativeIndex
ok 375 - Icecave\Collections\VectorTest::testRemoveWithInvalidIndex
ok 376 - Icecave\Collections\VectorTest::testRemoveMany
ok 377 - Icecave\Collections\VectorTest::testRemoveManyWithCount
ok 378 - Icecave\Collections\VectorTest::testRemoveManyWithCountOverflow
ok 379 - Icecave\Collections\VectorTest::testRemoveManyWithNegativeIndex
ok 380 - Icecave\Collections\VectorTest::testRemoveManyWithInvalidIndex
ok 381 - Icecave\Collections\VectorTest::testRemoveRange
ok 382 - Icecave\Collections\VectorTest::testRemoveRangeToEnd
ok 383 - Icecave\Collections\VectorTest::testRemoveRangeWithNegativeIndex
ok 384 - Icecave\Collections\VectorTest::testRemoveRangeWithEndBeforeBegin
ok 385 - Icecave\Collections\VectorTest::testRemoveRangeWithInvalidBegin
ok 386 - Icecave\Collections\VectorTest::testRemoveRangeWithInvalidEnd
ok 387 - Icecave\Collections\VectorTest::testReplace
ok 388 - Icecave\Collections\VectorTest::testReplaceWithCount
ok 389 - Icecave\Collections\VectorTest::testReplaceWithCountOverflow
ok 390 - Icecave\Collections\VectorTest::testReplaceWithNegativeIndex
ok 391 - Icecave\Collections\VectorTest::testReplaceWithInvalidIndex
ok 392 - Icecave\Collections\VectorTest::testReplaceRange
ok 393 - Icecave\Collections\VectorTest::testReplaceRangeWithNegativeIndices
ok 394 - Icecave\Collections\VectorTest::testReplaceRangeWithZeroLength
ok 395 - Icecave\Collections\VectorTest::testReplaceRangeWithEndBeforeBegin
ok 396 - Icecave\Collections\VectorTest::testReplaceRangeWithInvalidBegin
ok 397 - Icecave\Collections\VectorTest::testReplaceRangeWithInvalidEnd
ok 398 - Icecave\Collections\VectorTest::testSwap
ok 399 - Icecave\Collections\VectorTest::testSwapWithNegativeIndices
ok 400 - Icecave\Collections\VectorTest::testSwapWithInvalidIndex1
ok 401 - Icecave\Collections\VectorTest::testSwapWithInvalidIndex2
ok 402 - Icecave\Collections\VectorTest::testTrySwap
ok 403 - Icecave\Collections\VectorTest::testTrySwapWithNegativeIndices
ok 404 - Icecave\Collections\VectorTest::testTrySwapWithInvalidIndex1
ok 405 - Icecave\Collections\VectorTest::testTrySwapWithInvalidIndex2
ok 406 - Icecave\Collections\VectorTest::testCount
ok 407 - Icecave\Collections\VectorTest::testIteration
ok 408 - Icecave\Collections\VectorTest::testOffsetExists
ok 409 - Icecave\Collections\VectorTest::testOffsetGet
ok 410 - Icecave\Collections\VectorTest::testOffsetGetFailure
ok 411 - Icecave\Collections\VectorTest::testOffsetSet
ok 412 - Icecave\Collections\VectorTest::testOffsetUnset
ok 413 - Icecave\Collections\VectorTest::testCapacity
ok 414 - Icecave\Collections\VectorTest::testReserve
ok 415 - Icecave\Collections\VectorTest::testShrink
1..415
